// Jest Snapshot v1, https://goo.gl/fbAQLP

exports[`ParticipantListItem should match match snapshot 1`] = `
<View
  accessible={true}
  focusable={true}
  isTVSelectable={true}
  onClick={[Function]}
  onResponderGrant={[Function]}
  onResponderMove={[Function]}
  onResponderRelease={[Function]}
  onResponderTerminate={[Function]}
  onResponderTerminationRequest={[Function]}
  onStartShouldSetResponder={[Function]}
  style={
    Object {
      "backgroundColor": "#fff",
      "opacity": 1,
      "padding": 10,
    }
  }
>
  <View
    style={
      Object {
        "alignItems": "center",
        "flexDirection": "row",
      }
    }
  >
    <View
      style={
        Object {
          "alignItems": "center",
          "backgroundColor": "#da2c56",
          "borderRadius": 25,
          "height": 50,
          "justifyContent": "center",
          "width": 50,
        }
      }
    >
      <Text
        style={
          Object {
            "color": "#fff",
            "fontSize": 18,
            "fontWeight": "bold",
          }
        }
      >
        
      </Text>
    </View>
    <View
      style={
        Object {
          "padding": 10,
        }
      }
    >
      <Text
        style={
          Object {
            "paddingVertical": 5,
          }
        }
      >
        
      </Text>
      <Text
        style={
          Object {
            "fontSize": 12,
          }
        }
      >
        <Text
          style={
            Object {
              "fontWeight": "bold",
            }
          }
        >
          Locality: 
        </Text>
        
      </Text>
    </View>
  </View>
</View>
`;
