// Jest Snapshot v1, https://goo.gl/fbAQLP

exports[`HomeScreen should match match snapshot 1`] = `
<View
  style={
    Object {
      "flex": 1,
    }
  }
>
  <Text
    style={
      Object {
        "paddingVertical": 5,
        "textAlign": "center",
      }
    }
  >
    Note: Please do pull to refresh to update the list
  </Text>
  <View
    style={
      Object {
        "padding": 10,
      }
    }
  >
    <View>
      <View
        style={
          Object {
            "marginHorizontal": 5,
            "marginVertical": 5,
          }
        }
      >
        <TextInput
          allowFontScaling={true}
          onChangeText={[Function]}
          placeholder="Search the participant"
          rejectResponderTermination={true}
          style={
            Array [
              Object {
                "backgroundColor": "#dadada",
                "paddingHorizontal": 5,
                "paddingVertical": 10,
              },
              undefined,
            ]
          }
          underlineColorAndroid="transparent"
          value=""
        />
      </View>
    </View>
  </View>
  <View
    style={
      Object {
        "flex": 1,
      }
    }
  >
    <RCTScrollView
      data={Array []}
      disableVirtualization={false}
      getItem={[Function]}
      getItemCount={[Function]}
      horizontal={false}
      initialNumToRender={10}
      keyExtractor={[Function]}
      maxToRenderPerBatch={10}
      numColumns={1}
      onContentSizeChange={[Function]}
      onEndReachedThreshold={2}
      onLayout={[Function]}
      onMomentumScrollEnd={[Function]}
      onScroll={[Function]}
      onScrollBeginDrag={[Function]}
      onScrollEndDrag={[Function]}
      refreshControl={
        <RefreshControlMock
          onRefresh={[Function]}
          refreshing={false}
        />
      }
      removeClippedSubviews={false}
      renderItem={[Function]}
      scrollEventThrottle={50}
      stickyHeaderIndices={Array []}
      updateCellsBatchingPeriod={50}
      viewabilityConfigCallbackPairs={Array []}
      windowSize={21}
    >
      <RCTRefreshControl />
      <View />
    </RCTScrollView>
  </View>
</View>
`;
