// Jest Snapshot v1, https://goo.gl/fbAQLP

exports[`LoadingSpinner should match match snapshot 1`] = `null`;
